yarn run v1.22.19
$ npx hardhat run --network vechain src/index.ts
MNEMONIC: denial kitchen pet squirrel other broom bar gas better priority spoil cross
NODE_URL: http://thor-solo:8669
ITERATE_TX_AMOUNT: 1
Deployed MyERC721 @ 0x803AAFFa74E6bf4dE0760287Bf59bE0459bDeAb9 (txID=0xb082e542c00a830c876ae8df266988bb3e9f5bb7536b35fd57bfbf8d6e5ede79) [
    {
        "contractAddress": "0x803aaffa74e6bf4de0760287bf59be0459bdeab9",
        "events": [
            {
                "address": "0x803aaffa74e6bf4de0760287bf59be0459bdeab9",
                "topics": [
                    "0xb35bf4274d4295009f1ec66ed3f579db287889444366c03d3a695539372e8951"
                ],
                "data": "0x000000000000000000000000f077b491b355e64048ce21e3a6fc4751eeea77fa"
            },
            {
                "address": "0x803aaffa74e6bf4de0760287bf59be0459bdeab9",
                "topics": [
                    "0x2f8788117e7eff1d82e926ec794901d17c78024a50270940304540a733656f0d",
                    "0x0000000000000000000000000000000000000000000000000000000000000000",
                    "0x000000000000000000000000f077b491b355e64048ce21e3a6fc4751eeea77fa",
                    "0x000000000000000000000000f077b491b355e64048ce21e3a6fc4751eeea77fa"
                ],
                "data": "0x"
            },
            {
                "address": "0x803aaffa74e6bf4de0760287bf59be0459bdeab9",
                "topics": [
                    "0x2f8788117e7eff1d82e926ec794901d17c78024a50270940304540a733656f0d",
                    "0x9f2df0fed2c77648de5860a4cc508cd0818c85b8b8a1ab4ceeef8d981c8956a6",
                    "0x000000000000000000000000f077b491b355e64048ce21e3a6fc4751eeea77fa",
                    "0x000000000000000000000000f077b491b355e64048ce21e3a6fc4751eeea77fa"
                ],
                "data": "0x"
            },
            {
                "address": "0x803aaffa74e6bf4de0760287bf59be0459bdeab9",
                "topics": [
                    "0x2f8788117e7eff1d82e926ec794901d17c78024a50270940304540a733656f0d",
                    "0x65d7a28e3265b37a6474929f336521b332c1681b933f6cb9f3376673440d862a",
                    "0x000000000000000000000000f077b491b355e64048ce21e3a6fc4751eeea77fa",
                    "0x000000000000000000000000f077b491b355e64048ce21e3a6fc4751eeea77fa"
                ],
                "data": "0x"
            }
        ],
        "transfers": []
    }
]
Deployed MyVIP180 @ 0x35fe6a60239456cC3d0f909E64FBa758Ee857D10 (txID=0x5ad74db89a1f9fb96c7d14e2caf37adc3da81deb268b70119f36bf9b3bdfa595) [
    {
        "contractAddress": "0x35fe6a60239456cc3d0f909e64fba758ee857d10",
        "events": [
            {
                "address": "0x35fe6a60239456cc3d0f909e64fba758ee857d10",
                "topics": [
                    "0xb35bf4274d4295009f1ec66ed3f579db287889444366c03d3a695539372e8951"
                ],
                "data": "0x000000000000000000000000f077b491b355e64048ce21e3a6fc4751eeea77fa"
            }
        ],
        "transfers": []
    }
]
Deployed MyERC1155 @ 0x7721A4612D055AE028c7c6445a25c75A4715ac96 (txID=0x6edb61880cfba4b0bc2d96997081da3f43a597075e46ba37daab8b3b564203ae) [
    {
        "contractAddress": "0x7721a4612d055ae028c7c6445a25c75a4715ac96",
        "events": [
            {
                "address": "0x7721a4612d055ae028c7c6445a25c75a4715ac96",
                "topics": [
                    "0xb35bf4274d4295009f1ec66ed3f579db287889444366c03d3a695539372e8951"
                ],
                "data": "0x000000000000000000000000f077b491b355e64048ce21e3a6fc4751eeea77fa"
            },
            {
                "address": "0x7721a4612d055ae028c7c6445a25c75a4715ac96",
                "topics": [
                    "0x2f8788117e7eff1d82e926ec794901d17c78024a50270940304540a733656f0d",
                    "0x0000000000000000000000000000000000000000000000000000000000000000",
                    "0x000000000000000000000000f077b491b355e64048ce21e3a6fc4751eeea77fa",
                    "0x000000000000000000000000f077b491b355e64048ce21e3a6fc4751eeea77fa"
                ],
                "data": "0x"
            },
            {
                "address": "0x7721a4612d055ae028c7c6445a25c75a4715ac96",
                "topics": [
                    "0x2f8788117e7eff1d82e926ec794901d17c78024a50270940304540a733656f0d",
                    "0x9f2df0fed2c77648de5860a4cc508cd0818c85b8b8a1ab4ceeef8d981c8956a6",
                    "0x000000000000000000000000f077b491b355e64048ce21e3a6fc4751eeea77fa",
                    "0x000000000000000000000000f077b491b355e64048ce21e3a6fc4751eeea77fa"
                ],
                "data": "0x"
            },
            {
                "address": "0x7721a4612d055ae028c7c6445a25c75a4715ac96",
                "topics": [
                    "0x2f8788117e7eff1d82e926ec794901d17c78024a50270940304540a733656f0d",
                    "0x65d7a28e3265b37a6474929f336521b332c1681b933f6cb9f3376673440d862a",
                    "0x000000000000000000000000f077b491b355e64048ce21e3a6fc4751eeea77fa",
                    "0x000000000000000000000000f077b491b355e64048ce21e3a6fc4751eeea77fa"
                ],
                "data": "0x"
            },
            {
                "address": "0x7721a4612d055ae028c7c6445a25c75a4715ac96",
                "topics": [
                    "0x6bb7ff708619ba0610cba295a58592e0451dee2622938c8755667688daf3529b",
                    "0x0000000000000000000000000000000000000000000000000000000000000000"
                ],
                "data": "0x0000000000000000000000000000000000000000000000000000000000000020000000000000000000000000000000000000000000000000000000000000002268747470733a2f2f6578616d706c652e636f6d2f6170692f746f6b656e2f7b69647d000000000000000000000000000000000000000000000000000000000000"
            }
        ],
        "transfers": []
    }
]
Deployed MyVIP181 @ 0x1B7CC1Af6d4FDa0Ed5f2EB4689fd7189104093E6 (txID=0x5ef2c98fcb6b151085886f2421d6f263779a8a9b94906a1b605d3317b649b7b8) [
    {
        "contractAddress": "0x1b7cc1af6d4fda0ed5f2eb4689fd7189104093e6",
        "events": [
            {
                "address": "0x1b7cc1af6d4fda0ed5f2eb4689fd7189104093e6",
                "topics": [
                    "0xb35bf4274d4295009f1ec66ed3f579db287889444366c03d3a695539372e8951"
                ],
                "data": "0x000000000000000000000000f077b491b355e64048ce21e3a6fc4751eeea77fa"
            }
        ],
        "transfers": []
    }
]
Deployed MyERC20 @ 0x285FE4Dce51af96303b0c00d516e425b07623Df7 (txID=0xae2d6da83976eb9bb864a3183cfd1909659e24dd20eebb544130bca9756c0d01) [
    {
        "contractAddress": "0x285fe4dce51af96303b0c00d516e425b07623df7",
        "events": [
            {
                "address": "0x285fe4dce51af96303b0c00d516e425b07623df7",
                "topics": [
                    "0xb35bf4274d4295009f1ec66ed3f579db287889444366c03d3a695539372e8951"
                ],
                "data": "0x000000000000000000000000f077b491b355e64048ce21e3a6fc4751eeea77fa"
            },
            {
                "address": "0x285fe4dce51af96303b0c00d516e425b07623df7",
                "topics": [
                    "0x2f8788117e7eff1d82e926ec794901d17c78024a50270940304540a733656f0d",
                    "0x0000000000000000000000000000000000000000000000000000000000000000",
                    "0x000000000000000000000000f077b491b355e64048ce21e3a6fc4751eeea77fa",
                    "0x000000000000000000000000f077b491b355e64048ce21e3a6fc4751eeea77fa"
                ],
                "data": "0x"
            },
            {
                "address": "0x285fe4dce51af96303b0c00d516e425b07623df7",
                "topics": [
                    "0x2f8788117e7eff1d82e926ec794901d17c78024a50270940304540a733656f0d",
                    "0x9f2df0fed2c77648de5860a4cc508cd0818c85b8b8a1ab4ceeef8d981c8956a6",
                    "0x000000000000000000000000f077b491b355e64048ce21e3a6fc4751eeea77fa",
                    "0x000000000000000000000000f077b491b355e64048ce21e3a6fc4751eeea77fa"
                ],
                "data": "0x"
            },
            {
                "address": "0x285fe4dce51af96303b0c00d516e425b07623df7",
                "topics": [
                    "0x2f8788117e7eff1d82e926ec794901d17c78024a50270940304540a733656f0d",
                    "0x65d7a28e3265b37a6474929f336521b332c1681b933f6cb9f3376673440d862a",
                    "0x000000000000000000000000f077b491b355e64048ce21e3a6fc4751eeea77fa",
                    "0x000000000000000000000000f077b491b355e64048ce21e3a6fc4751eeea77fa"
                ],
                "data": "0x"
            }
        ],
        "transfers": []
    }
]
Deployed MyVIP210 @ 0x898E50B66fC40Ef5ee80dC0d20b113bEb405434b (txID=0xce90f3cba21b92f71418bfa207513125bd9dfd743a77c85c4dfc9c3c168f0751) [
    {
        "contractAddress": "0x898e50b66fc40ef5ee80dc0d20b113beb405434b",
        "events": [
            {
                "address": "0x898e50b66fc40ef5ee80dc0d20b113beb405434b",
                "topics": [
                    "0xb35bf4274d4295009f1ec66ed3f579db287889444366c03d3a695539372e8951"
                ],
                "data": "0x000000000000000000000000f077b491b355e64048ce21e3a6fc4751eeea77fa"
            },
            {
                "address": "0x898e50b66fc40ef5ee80dc0d20b113beb405434b",
                "topics": [
                    "0x6bb7ff708619ba0610cba295a58592e0451dee2622938c8755667688daf3529b",
                    "0x0000000000000000000000000000000000000000000000000000000000000000"
                ],
                "data": "0x0000000000000000000000000000000000000000000000000000000000000020000000000000000000000000000000000000000000000000000000000000001f68747470733a2f2f6578616d706c652e636f6d2f6170692f746f6b656e2f3000"
            }
        ],
        "transfers": []
    }
]
MyERC1155 - MINT - (to=0x0f872421dc479f3c11edd89512731814d0598db5 tokenId=2 blockNumber=9)
MyERC1155 - MINT - (to=0x435933c8064b4ae76be665428e0307ef2ccfbd68 tokenId=1 blockNumber=9)
MyERC1155 - MINT - (to=0xf077b491b355e64048ce21e3a6fc4751eeea77fa tokenId=2 blockNumber=9)
MyERC721 - MINT - (to=0x0f872421dc479f3c11edd89512731814d0598db5 tokenId=0 blockNumber=8)
MyERC721 - MINT - (to=0x435933c8064b4ae76be665428e0307ef2ccfbd68 tokenId=1 blockNumber=8)
MyERC721 - MINT - (to=0xf077b491b355e64048ce21e3a6fc4751eeea77fa tokenId=2 blockNumber=8)
MyERC721 - MINT - (to=0xd7f75a0a1287ab2916848909c8531a0ea9412800 tokenId=3 blockNumber=9)
MyERC721 - MINT - (to=0xf370940abdbd2583bc80bfc19d19bc216c88ccf0 tokenId=4 blockNumber=9)
MyERC721 - MINT - (to=0x61e7d0c2b25706be3485980f39a3a994a8207acf tokenId=5 blockNumber=9)
MyERC721 - MINT - (to=0x865306084235bf804c8bba8a8d56890940ca8f0b tokenId=6 blockNumber=9)
MyERC721 - MINT - (to=0xabef6032b9176c186f6bf984f548bda53349f70a tokenId=7 blockNumber=9)
MyERC721 - MINT - (to=0x99602e4bbc0503b8ff4432bb1857f916c3653b85 tokenId=8 blockNumber=9)
MyERC721 - MINT - (to=0x361277d1b27504f36a3b33d3a52d1f8270331b8c tokenId=9 blockNumber=9)
MyVIP180 - MINT - (to=0x865306084235bf804c8bba8a8d56890940ca8f0b amount=4240 blockNumber=10))
MyVIP180 - MINT - (to=0xabef6032b9176c186f6bf984f548bda53349f70a amount=4145 blockNumber=10))
MyVIP180 - MINT - (to=0x61e7d0c2b25706be3485980f39a3a994a8207acf amount=7993 blockNumber=10))
MyVIP180 - MINT - (to=0x361277d1b27504f36a3b33d3a52d1f8270331b8c amount=8355 blockNumber=10))
MyVIP180 - MINT - (to=0xd7f75a0a1287ab2916848909c8531a0ea9412800 amount=4810 blockNumber=10))
MyVIP180 - MINT - (to=0x99602e4bbc0503b8ff4432bb1857f916c3653b85 amount=9262 blockNumber=10))
MyVIP180 - MINT - (to=0xf370940abdbd2583bc80bfc19d19bc216c88ccf0 amount=4300 blockNumber=10))
MyVIP180 - MINT - (to=0x0f872421dc479f3c11edd89512731814d0598db5 amount=4394 blockNumber=10))
MyVIP180 - MINT - (to=0x435933c8064b4ae76be665428e0307ef2ccfbd68 amount=1333 blockNumber=9))
MyVIP180 - MINT - (to=0xf077b491b355e64048ce21e3a6fc4751eeea77fa amount=5455 blockNumber=9))
MyERC1155 - MINT - (to=0x865306084235bf804c8bba8a8d56890940ca8f0b tokenId=3 blockNumber=11)
MyERC1155 - MINT - (to=0xabef6032b9176c186f6bf984f548bda53349f70a tokenId=2 blockNumber=11)
MyERC1155 - MINT - (to=0xd7f75a0a1287ab2916848909c8531a0ea9412800 tokenId=4 blockNumber=11)
MyERC1155 - MINT - (to=0x361277d1b27504f36a3b33d3a52d1f8270331b8c tokenId=3 blockNumber=11)
MyERC1155 - MINT - (to=0x61e7d0c2b25706be3485980f39a3a994a8207acf tokenId=4 blockNumber=11)
MyERC1155 - MINT - (to=0x99602e4bbc0503b8ff4432bb1857f916c3653b85 tokenId=4 blockNumber=11)
MyVIP210 - MINT - (to=0x865306084235bf804c8bba8a8d56890940ca8f0b tokenId=3 blockNumber=10)
MyVIP210 - MINT - (to=0xabef6032b9176c186f6bf984f548bda53349f70a tokenId=5 blockNumber=10)
MyVIP210 - MINT - (to=0xd7f75a0a1287ab2916848909c8531a0ea9412800 tokenId=4 blockNumber=10)
MyVIP210 - MINT - (to=0x361277d1b27504f36a3b33d3a52d1f8270331b8c tokenId=5 blockNumber=10)
MyVIP210 - MINT - (to=0x61e7d0c2b25706be3485980f39a3a994a8207acf tokenId=3 blockNumber=10)
MyVIP210 - MINT - (to=0x99602e4bbc0503b8ff4432bb1857f916c3653b85 tokenId=4 blockNumber=10)
MyVIP210 - MINT - (to=0xf370940abdbd2583bc80bfc19d19bc216c88ccf0 tokenId=2 blockNumber=10)
MyVIP210 - MINT - (to=0x0f872421dc479f3c11edd89512731814d0598db5 tokenId=3 blockNumber=10)
MyVIP210 - MINT - (to=0x435933c8064b4ae76be665428e0307ef2ccfbd68 tokenId=1 blockNumber=10)
MyVIP210 - MINT - (to=0xf077b491b355e64048ce21e3a6fc4751eeea77fa tokenId=1 blockNumber=10)
MyERC1155 - MINT - (to=0xf370940abdbd2583bc80bfc19d19bc216c88ccf0 tokenId=3 blockNumber=11)
MyERC20 - MINT - (to=0xf077b491b355e64048ce21e3a6fc4751eeea77fa amount=8849 blockNumber=12))
MyERC20 - MINT - (to=0x435933c8064b4ae76be665428e0307ef2ccfbd68 amount=6340 blockNumber=12))
MyERC20 - MINT - (to=0x0f872421dc479f3c11edd89512731814d0598db5 amount=4045 blockNumber=12))
MyERC20 - MINT - (to=0xf370940abdbd2583bc80bfc19d19bc216c88ccf0 amount=7410 blockNumber=12))
MyERC20 - MINT - (to=0x99602e4bbc0503b8ff4432bb1857f916c3653b85 amount=4829 blockNumber=12))
MyERC20 - MINT - (to=0x61e7d0c2b25706be3485980f39a3a994a8207acf amount=4989 blockNumber=12))
MyERC20 - MINT - (to=0x361277d1b27504f36a3b33d3a52d1f8270331b8c amount=5251 blockNumber=12))
MyVIP181 - MINT - (to=0x0f872421dc479f3c11edd89512731814d0598db5 tokenId=0 blockNumber=11)
MyERC20 - MINT - (to=0xabef6032b9176c186f6bf984f548bda53349f70a amount=9892 blockNumber=12))
MyERC20 - MINT - (to=0xd7f75a0a1287ab2916848909c8531a0ea9412800 amount=6155 blockNumber=12))
MyVIP181 - MINT - (to=0x61e7d0c2b25706be3485980f39a3a994a8207acf tokenId=1 blockNumber=11)
MyERC20 - MINT - (to=0x865306084235bf804c8bba8a8d56890940ca8f0b amount=5598 blockNumber=12))
MyVIP181 - MINT - (to=0xf370940abdbd2583bc80bfc19d19bc216c88ccf0 tokenId=2 blockNumber=11)
MyVIP181 - MINT - (to=0xf077b491b355e64048ce21e3a6fc4751eeea77fa tokenId=3 blockNumber=11)
MyVIP181 - MINT - (to=0x361277d1b27504f36a3b33d3a52d1f8270331b8c tokenId=4 blockNumber=11)
MyVIP181 - MINT - (to=0x99602e4bbc0503b8ff4432bb1857f916c3653b85 tokenId=5 blockNumber=11)
MyVIP181 - MINT - (to=0xd7f75a0a1287ab2916848909c8531a0ea9412800 tokenId=6 blockNumber=11)
MyVIP181 - MINT - (to=0x435933c8064b4ae76be665428e0307ef2ccfbd68 tokenId=7 blockNumber=11)
MyVIP181 - MINT - (to=0xabef6032b9176c186f6bf984f548bda53349f70a tokenId=8 blockNumber=11)
MyVIP181 - MINT - (to=0x865306084235bf804c8bba8a8d56890940ca8f0b tokenId=9 blockNumber=11)
MyERC721 - MINT BATCH - (txHash=0xf88748d0803fc08b07a674ffe3d83bb9bc017cc1eb7b2838503ab18dac4b80cc))
MyVIP180 - MINT BATCH - (txHash=0x5348365b87fbad243b32fdc14ae8981057132ecaabc5a07f53d8c2f05ddda9b1))
MyERC1155 - MINT BATCH - (txHash=0x601ca7c5430d0b49c266dd349f3a792538805b4fff9b822e66581004bae458e9))
MyVIP181 - MINT BATCH - (txHash=0xa6ff1dc03cc57bb573d32ae999ccd5e72e8807550b1976d0eb20498b0acfb2bd))
MyVIP210 - MINT BATCH - (txHash=0x91d726dc73b0dd2d0b913e814513142f909d4fbf46945bc199b9015f8ffbfcd7))
MyERC20 - MINT BATCH - (txHash=0xb73d1a49f0c56a15b6b549b271e74aab4e536e060d3c90938aee12f1e41caac4))
MyVIP180 - TRANSFER (from=0xf077b491b355e64048ce21e3a6fc4751eeea77fa to=0x435933c8064b4ae76be665428e0307ef2ccfbd68 blockNumber=16) - 849)
MyVIP180 - TRANSFER (from=0x61e7d0c2b25706be3485980f39a3a994a8207acf to=0x361277d1b27504f36a3b33d3a52d1f8270331b8c blockNumber=16) - 653)
MyVIP180 - TRANSFER (from=0x99602e4bbc0503b8ff4432bb1857f916c3653b85 to=0x61e7d0c2b25706be3485980f39a3a994a8207acf blockNumber=16) - 301)
MyVIP180 - TRANSFER (from=0xf370940abdbd2583bc80bfc19d19bc216c88ccf0 to=0x99602e4bbc0503b8ff4432bb1857f916c3653b85 blockNumber=16) - 786)
MyVIP180 - TRANSFER (from=0x0f872421dc479f3c11edd89512731814d0598db5 to=0xf370940abdbd2583bc80bfc19d19bc216c88ccf0 blockNumber=16) - 635)
MyVIP180 - TRANSFER (from=0x435933c8064b4ae76be665428e0307ef2ccfbd68 to=0x0f872421dc479f3c11edd89512731814d0598db5 blockNumber=16) - 110)
MyVIP180 - TRANSFER (from=0xd7f75a0a1287ab2916848909c8531a0ea9412800 to=0xabef6032b9176c186f6bf984f548bda53349f70a blockNumber=16) - 530)
MyVIP180 - TRANSFER (from=0x361277d1b27504f36a3b33d3a52d1f8270331b8c to=0xd7f75a0a1287ab2916848909c8531a0ea9412800 blockNumber=16) - 593)
MyERC1155 - TRANSFER - (from=0x361277d1b27504f36a3b33d3a52d1f8270331b8c to=0xd7f75a0a1287ab2916848909c8531a0ea9412800 tokenId=3 blockNumber=17)
MyERC1155 - TRANSFER - (from=0xd7f75a0a1287ab2916848909c8531a0ea9412800 to=0xabef6032b9176c186f6bf984f548bda53349f70a tokenId=4 blockNumber=17)
MyERC1155 - TRANSFER - (from=0xabef6032b9176c186f6bf984f548bda53349f70a to=0x865306084235bf804c8bba8a8d56890940ca8f0b tokenId=2 blockNumber=17)
MyERC1155 - TRANSFER - (from=0x61e7d0c2b25706be3485980f39a3a994a8207acf to=0x361277d1b27504f36a3b33d3a52d1f8270331b8c tokenId=4 blockNumber=17)
MyERC1155 - TRANSFER - (from=0x99602e4bbc0503b8ff4432bb1857f916c3653b85 to=0x61e7d0c2b25706be3485980f39a3a994a8207acf tokenId=4 blockNumber=17)
MyERC1155 - TRANSFER - (from=0xf370940abdbd2583bc80bfc19d19bc216c88ccf0 to=0x99602e4bbc0503b8ff4432bb1857f916c3653b85 tokenId=3 blockNumber=17)
MyERC1155 - TRANSFER - (from=0x0f872421dc479f3c11edd89512731814d0598db5 to=0xf370940abdbd2583bc80bfc19d19bc216c88ccf0 tokenId=2 blockNumber=17)
MyERC1155 - TRANSFER - (from=0x435933c8064b4ae76be665428e0307ef2ccfbd68 to=0x0f872421dc479f3c11edd89512731814d0598db5 tokenId=1 blockNumber=17)
MyERC1155 - TRANSFER - (from=0xf077b491b355e64048ce21e3a6fc4751eeea77fa to=0x435933c8064b4ae76be665428e0307ef2ccfbd68 tokenId=2 blockNumber=17)
MyERC20 - TRANSFER (from=0x865306084235bf804c8bba8a8d56890940ca8f0b to=0xf077b491b355e64048ce21e3a6fc4751eeea77fa blockNumber=17) - 765)
MyERC20 - TRANSFER (from=0xabef6032b9176c186f6bf984f548bda53349f70a to=0x865306084235bf804c8bba8a8d56890940ca8f0b blockNumber=17) - 475)
MyERC20 - TRANSFER (from=0xd7f75a0a1287ab2916848909c8531a0ea9412800 to=0xabef6032b9176c186f6bf984f548bda53349f70a blockNumber=17) - 422)
MyERC20 - TRANSFER (from=0x361277d1b27504f36a3b33d3a52d1f8270331b8c to=0xd7f75a0a1287ab2916848909c8531a0ea9412800 blockNumber=17) - 153)
MyERC20 - TRANSFER (from=0x61e7d0c2b25706be3485980f39a3a994a8207acf to=0x361277d1b27504f36a3b33d3a52d1f8270331b8c blockNumber=17) - 327)
MyERC20 - TRANSFER (from=0x99602e4bbc0503b8ff4432bb1857f916c3653b85 to=0x61e7d0c2b25706be3485980f39a3a994a8207acf blockNumber=17) - 183)
MyERC20 - TRANSFER (from=0xf370940abdbd2583bc80bfc19d19bc216c88ccf0 to=0x99602e4bbc0503b8ff4432bb1857f916c3653b85 blockNumber=17) - 841)
MyERC20 - TRANSFER (from=0x0f872421dc479f3c11edd89512731814d0598db5 to=0xf370940abdbd2583bc80bfc19d19bc216c88ccf0 blockNumber=17) - 247)
MyERC20 - TRANSFER (from=0x435933c8064b4ae76be665428e0307ef2ccfbd68 to=0x0f872421dc479f3c11edd89512731814d0598db5 blockNumber=17) - 387)
MyERC20 - TRANSFER (from=0xf077b491b355e64048ce21e3a6fc4751eeea77fa to=0x435933c8064b4ae76be665428e0307ef2ccfbd68 blockNumber=17) - 687)
MyVIP210 - TRANSFER - (from=0xabef6032b9176c186f6bf984f548bda53349f70a to=0x865306084235bf804c8bba8a8d56890940ca8f0b tokenId=5 blockNumber=17)
MyVIP210 - TRANSFER - (from=0xd7f75a0a1287ab2916848909c8531a0ea9412800 to=0xabef6032b9176c186f6bf984f548bda53349f70a tokenId=4 blockNumber=17)
MyVIP210 - TRANSFER - (from=0x361277d1b27504f36a3b33d3a52d1f8270331b8c to=0xd7f75a0a1287ab2916848909c8531a0ea9412800 tokenId=5 blockNumber=17)
MyVIP210 - TRANSFER - (from=0x61e7d0c2b25706be3485980f39a3a994a8207acf to=0x361277d1b27504f36a3b33d3a52d1f8270331b8c tokenId=3 blockNumber=17)
MyVIP210 - TRANSFER - (from=0x99602e4bbc0503b8ff4432bb1857f916c3653b85 to=0x61e7d0c2b25706be3485980f39a3a994a8207acf tokenId=4 blockNumber=17)
MyVIP210 - TRANSFER - (from=0xf370940abdbd2583bc80bfc19d19bc216c88ccf0 to=0x99602e4bbc0503b8ff4432bb1857f916c3653b85 tokenId=2 blockNumber=17)
MyVIP210 - TRANSFER - (from=0x0f872421dc479f3c11edd89512731814d0598db5 to=0xf370940abdbd2583bc80bfc19d19bc216c88ccf0 tokenId=3 blockNumber=18)
MyVIP210 - TRANSFER - (from=0x435933c8064b4ae76be665428e0307ef2ccfbd68 to=0x0f872421dc479f3c11edd89512731814d0598db5 tokenId=1 blockNumber=18)
MyVIP210 - TRANSFER - (from=0xf077b491b355e64048ce21e3a6fc4751eeea77fa to=0x435933c8064b4ae76be665428e0307ef2ccfbd68 tokenId=1 blockNumber=18)
MyVIP180 - TRANSFER (from=0xabef6032b9176c186f6bf984f548bda53349f70a to=0x865306084235bf804c8bba8a8d56890940ca8f0b blockNumber=16) - 385)
MyVIP180 - TRANSFER (from=0x865306084235bf804c8bba8a8d56890940ca8f0b to=0xf077b491b355e64048ce21e3a6fc4751eeea77fa blockNumber=17) - 190)
MyVIP210 - TRANSFER - (from=0x865306084235bf804c8bba8a8d56890940ca8f0b to=0xf077b491b355e64048ce21e3a6fc4751eeea77fa tokenId=3 blockNumber=17)
MyVIP181 - TRANSFER - (from=0x435933c8064b4ae76be665428e0307ef2ccfbd68 to=0x0f872421dc479f3c11edd89512731814d0598db5 tokenId=7 blockNumber=15)
MyERC1155 - TRANSFER - (from=0x865306084235bf804c8bba8a8d56890940ca8f0b to=0xf077b491b355e64048ce21e3a6fc4751eeea77fa tokenId=3 blockNumber=18)
MyVIP181 - TRANSFER - (from=0xf077b491b355e64048ce21e3a6fc4751eeea77fa to=0x435933c8064b4ae76be665428e0307ef2ccfbd68 tokenId=3 blockNumber=15)
MyERC721 - TRANSFER - (from=0x0f872421dc479f3c11edd89512731814d0598db5 to=0xf370940abdbd2583bc80bfc19d19bc216c88ccf0 tokenId=0 blockNumber=16)
MyERC721 - TRANSFER - (from=0xf077b491b355e64048ce21e3a6fc4751eeea77fa to=0x435933c8064b4ae76be665428e0307ef2ccfbd68 tokenId=2 blockNumber=16)
MyVIP181 - TRANSFER - (from=0x99602e4bbc0503b8ff4432bb1857f916c3653b85 to=0x61e7d0c2b25706be3485980f39a3a994a8207acf tokenId=5 blockNumber=16)
MyVIP181 - TRANSFER - (from=0xf370940abdbd2583bc80bfc19d19bc216c88ccf0 to=0x99602e4bbc0503b8ff4432bb1857f916c3653b85 tokenId=2 blockNumber=16)
MyERC721 - TRANSFER - (from=0x99602e4bbc0503b8ff4432bb1857f916c3653b85 to=0x61e7d0c2b25706be3485980f39a3a994a8207acf tokenId=8 blockNumber=16)
MyERC721 - TRANSFER - (from=0xabef6032b9176c186f6bf984f548bda53349f70a to=0x865306084235bf804c8bba8a8d56890940ca8f0b tokenId=7 blockNumber=16)
MyVIP181 - TRANSFER - (from=0x865306084235bf804c8bba8a8d56890940ca8f0b to=0xf077b491b355e64048ce21e3a6fc4751eeea77fa tokenId=9 blockNumber=16)
MyERC721 - TRANSFER - (from=0x61e7d0c2b25706be3485980f39a3a994a8207acf to=0x361277d1b27504f36a3b33d3a52d1f8270331b8c tokenId=5 blockNumber=16)
MyERC721 - TRANSFER - (from=0xd7f75a0a1287ab2916848909c8531a0ea9412800 to=0xabef6032b9176c186f6bf984f548bda53349f70a tokenId=3 blockNumber=16)
MyERC721 - TRANSFER - (from=0x361277d1b27504f36a3b33d3a52d1f8270331b8c to=0xd7f75a0a1287ab2916848909c8531a0ea9412800 tokenId=9 blockNumber=16)
MyVIP181 - TRANSFER - (from=0x61e7d0c2b25706be3485980f39a3a994a8207acf to=0x361277d1b27504f36a3b33d3a52d1f8270331b8c tokenId=1 blockNumber=16)
MyVIP181 - TRANSFER - (from=0xabef6032b9176c186f6bf984f548bda53349f70a to=0x865306084235bf804c8bba8a8d56890940ca8f0b tokenId=8 blockNumber=16)
MyVIP181 - TRANSFER - (from=0x361277d1b27504f36a3b33d3a52d1f8270331b8c to=0xd7f75a0a1287ab2916848909c8531a0ea9412800 tokenId=4 blockNumber=16)
MyERC721 - TRANSFER - (from=0xf370940abdbd2583bc80bfc19d19bc216c88ccf0 to=0x99602e4bbc0503b8ff4432bb1857f916c3653b85 tokenId=4 blockNumber=16)
MyERC721 - TRANSFER - (from=0x435933c8064b4ae76be665428e0307ef2ccfbd68 to=0x0f872421dc479f3c11edd89512731814d0598db5 tokenId=1 blockNumber=16)
MyVIP181 - TRANSFER - (from=0x0f872421dc479f3c11edd89512731814d0598db5 to=0xf370940abdbd2583bc80bfc19d19bc216c88ccf0 tokenId=0 blockNumber=16)
MyERC721 - TRANSFER - (from=0x865306084235bf804c8bba8a8d56890940ca8f0b to=0xf077b491b355e64048ce21e3a6fc4751eeea77fa tokenId=6 blockNumber=16)
MyVIP181 - TRANSFER - (from=0xd7f75a0a1287ab2916848909c8531a0ea9412800 to=0xabef6032b9176c186f6bf984f548bda53349f70a tokenId=6 blockNumber=16)
Delegated VET sent with tx id: 0xfbd31958a363130416c201f80c9f2bbc677e7d1fcd98aaefa9ece684616d2a7e
Deployed GreeterFactory @ 0x84F43A065a206F5769d3cFdeEd7a591447033f13
Deployed MyERC721Upgradeable @ 0xf06DF1E2c45A31026caa3D701591BcA5bf73ED57 [
    {
        "contractAddress": "0xf06df1e2c45a31026caa3d701591bca5bf73ed57",
        "events": [
            {
                "address": "0xf06df1e2c45a31026caa3d701591bca5bf73ed57",
                "topics": [
                    "0xb35bf4274d4295009f1ec66ed3f579db287889444366c03d3a695539372e8951"
                ],
                "data": "0x000000000000000000000000f077b491b355e64048ce21e3a6fc4751eeea77fa"
            }
        ],
        "transfers": []
    }
]
Deployed Greeter from GreeterFactory [
    {
        "contractAddress": null,
        "events": [
            {
                "address": "0xe6ce8edaaa06ee3ead42044deca31b26eeb64ec2",
                "topics": [
                    "0xb35bf4274d4295009f1ec66ed3f579db287889444366c03d3a695539372e8951"
                ],
                "data": "0x00000000000000000000000084f43a065a206f5769d3cfdeed7a591447033f13"
            },
            {
                "address": "0x2f35b9ef71dd1cd838fcb6b4703d2f886c4ae4d4",
                "topics": [
                    "0xb35bf4274d4295009f1ec66ed3f579db287889444366c03d3a695539372e8951"
                ],
                "data": "0x00000000000000000000000084f43a065a206f5769d3cfdeed7a591447033f13"
            }
        ],
        "transfers": []
    }
]
Thor TX Script successfully executed
Done in 65.52s.
